Archive member included because of file (symbol)

/usr/local/CrossPack-AVR-20100115/lib/gcc/avr/4.3.3/avr4/libgcc.a(_prologue.o)
                              bin/obj/main.o (__prologue_saves__)
/usr/local/CrossPack-AVR-20100115/lib/gcc/avr/4.3.3/avr4/libgcc.a(_exit.o)
                              /usr/local/CrossPack-AVR-20100115/lib/gcc/avr/4.3.3/../../../../avr/lib/avr4/crtm48.o (exit)
/usr/local/CrossPack-AVR-20100115/lib/gcc/avr/4.3.3/avr4/libgcc.a(_copy_data.o)
                              bin/obj/board/optima.o (__do_copy_data)
/usr/local/CrossPack-AVR-20100115/lib/gcc/avr/4.3.3/avr4/libgcc.a(_clear_bss.o)
                              bin/obj/main.o (__do_clear_bss)

Allocating common symbols
Common symbol       size              file

usart_rx_s          0x104             bin/obj/core/usart.o
usart_rx            0x2               bin/obj/core/usart.o

Memory Configuration

Name             Origin             Length             Attributes
text             0x00000000         0x00002000         xr
data             0x00800060         0x0000ffa0         rw !x
eeprom           0x00810000         0x00010000         rw !x
fuse             0x00820000         0x00000400         rw !x
lock             0x00830000         0x00000400         rw !x
signature        0x00840000         0x00000400         rw !x
*default*        0x00000000         0xffffffff

Linker script and memory map

Address of section .data set to 0x800100
LOAD /usr/local/CrossPack-AVR-20100115/lib/gcc/avr/4.3.3/../../../../avr/lib/avr4/crtm48.o
LOAD bin/obj/main.o
LOAD bin/obj/board/optima.o
LOAD bin/obj/core/usart.o
LOAD /usr/local/CrossPack-AVR-20100115/lib/gcc/avr/4.3.3/avr4/libgcc.a
LOAD /usr/local/CrossPack-AVR-20100115/lib/gcc/avr/4.3.3/../../../../avr/lib/avr4/libc.a
LOAD /usr/local/CrossPack-AVR-20100115/lib/gcc/avr/4.3.3/avr4/libgcc.a

.hash
 *(.hash)

.dynsym
 *(.dynsym)

.dynstr
 *(.dynstr)

.gnu.version
 *(.gnu.version)

.gnu.version_d
 *(.gnu.version_d)

.gnu.version_r
 *(.gnu.version_r)

.rel.init
 *(.rel.init)

.rela.init
 *(.rela.init)

.rel.text
 *(.rel.text)
 *(.rel.text.*)
 *(.rel.gnu.linkonce.t*)

.rela.text
 *(.rela.text)
 *(.rela.text.*)
 *(.rela.gnu.linkonce.t*)

.rel.fini
 *(.rel.fini)

.rela.fini
 *(.rela.fini)

.rel.rodata
 *(.rel.rodata)
 *(.rel.rodata.*)
 *(.rel.gnu.linkonce.r*)

.rela.rodata
 *(.rela.rodata)
 *(.rela.rodata.*)
 *(.rela.gnu.linkonce.r*)

.rel.data
 *(.rel.data)
 *(.rel.data.*)
 *(.rel.gnu.linkonce.d*)

.rela.data
 *(.rela.data)
 *(.rela.data.*)
 *(.rela.gnu.linkonce.d*)

.rel.ctors
 *(.rel.ctors)

.rela.ctors
 *(.rela.ctors)

.rel.dtors
 *(.rel.dtors)

.rela.dtors
 *(.rela.dtors)

.rel.got
 *(.rel.got)

.rela.got
 *(.rela.got)

.rel.bss
 *(.rel.bss)

.rela.bss
 *(.rela.bss)

.rel.plt
 *(.rel.plt)

.rela.plt
 *(.rela.plt)

.text           0x00000000      0x57c
 *(.vectors)
 .vectors       0x00000000       0x34 /usr/local/CrossPack-AVR-20100115/lib/gcc/avr/4.3.3/../../../../avr/lib/avr4/crtm48.o
                0x00000000                __vectors
                0x00000000                __vector_default
 *(.vectors)
 *(.progmem.gcc*)
 *(.progmem*)
                0x00000034                . = ALIGN (0x2)
                0x00000034                __trampolines_start = .
 *(.trampolines)
 .trampolines   0x00000034        0x0 linker stubs
 *(.trampolines*)
                0x00000034                __trampolines_end = .
 *(.jumptables)
 *(.jumptables*)
 *(.lowtext)
 *(.lowtext*)
                0x00000034                __ctors_start = .
 *(.ctors)
                0x00000034                __ctors_end = .
                0x00000034                __dtors_start = .
 *(.dtors)
                0x00000034                __dtors_end = .
 SORT(*)(.ctors)
 SORT(*)(.dtors)
 *(.init0)
 .init0         0x00000034        0x0 /usr/local/CrossPack-AVR-20100115/lib/gcc/avr/4.3.3/../../../../avr/lib/avr4/crtm48.o
                0x00000034                __init
 *(.init0)
 *(.init1)
 *(.init1)
 *(.init2)
 .init2         0x00000034        0xc /usr/local/CrossPack-AVR-20100115/lib/gcc/avr/4.3.3/../../../../avr/lib/avr4/crtm48.o
 *(.init2)
 *(.init3)
 *(.init3)
 *(.init4)
 .init4         0x00000040       0x16 /usr/local/CrossPack-AVR-20100115/lib/gcc/avr/4.3.3/avr4/libgcc.a(_copy_data.o)
                0x00000040                __do_copy_data
 .init4         0x00000056       0x10 /usr/local/CrossPack-AVR-20100115/lib/gcc/avr/4.3.3/avr4/libgcc.a(_clear_bss.o)
                0x00000056                __do_clear_bss
 *(.init4)
 *(.init5)
 *(.init5)
 *(.init6)
 *(.init6)
 *(.init7)
 *(.init7)
 *(.init8)
 *(.init8)
 *(.init9)
 .init9         0x00000066        0x4 /usr/local/CrossPack-AVR-20100115/lib/gcc/avr/4.3.3/../../../../avr/lib/avr4/crtm48.o
 *(.init9)
 *(.text)
 .text          0x0000006a        0x2 /usr/local/CrossPack-AVR-20100115/lib/gcc/avr/4.3.3/../../../../avr/lib/avr4/crtm48.o
                0x0000006a                __vector_22
                0x0000006a                __vector_1
                0x0000006a                __vector_24
                0x0000006a                __vector_12
                0x0000006a                __bad_interrupt
                0x0000006a                __vector_6
                0x0000006a                __vector_3
                0x0000006a                __vector_23
                0x0000006a                __vector_25
                0x0000006a                __vector_11
                0x0000006a                __vector_13
                0x0000006a                __vector_17
                0x0000006a                __vector_19
                0x0000006a                __vector_7
                0x0000006a                __vector_5
                0x0000006a                __vector_4
                0x0000006a                __vector_9
                0x0000006a                __vector_2
                0x0000006a                __vector_21
                0x0000006a                __vector_15
                0x0000006a                __vector_8
                0x0000006a                __vector_14
                0x0000006a                __vector_10
                0x0000006a                __vector_16
                0x0000006a                __vector_20
 .text          0x0000006c      0x310 bin/obj/main.o
                0x0000010e                timer_init
                0x00000122                main
                0x0000006c                mode_setup
 .text          0x0000037c        0x0 bin/obj/board/optima.o
 .text          0x0000037c      0x1c4 bin/obj/core/usart.o
                0x000004a8                q_at
                0x00000436                q_put
                0x000004ba                q_gobble
                0x00000520                q_used
                0x00000472                q_take
                0x0000037c                usart_init
                0x000003b4                __vector_18
                0x000004e0                q_find
 .text          0x00000540        0x0 /usr/local/CrossPack-AVR-20100115/lib/gcc/avr/4.3.3/avr4/libgcc.a(_prologue.o)
 .text          0x00000540        0x0 /usr/local/CrossPack-AVR-20100115/lib/gcc/avr/4.3.3/avr4/libgcc.a(_exit.o)
 .text          0x00000540        0x0 /usr/local/CrossPack-AVR-20100115/lib/gcc/avr/4.3.3/avr4/libgcc.a(_copy_data.o)
 .text          0x00000540        0x0 /usr/local/CrossPack-AVR-20100115/lib/gcc/avr/4.3.3/avr4/libgcc.a(_clear_bss.o)
                0x00000540                . = ALIGN (0x2)
 *(.text.*)
 .text.libgcc   0x00000540       0x38 /usr/local/CrossPack-AVR-20100115/lib/gcc/avr/4.3.3/avr4/libgcc.a(_prologue.o)
                0x00000540                __prologue_saves__
 .text.libgcc   0x00000578        0x0 /usr/local/CrossPack-AVR-20100115/lib/gcc/avr/4.3.3/avr4/libgcc.a(_exit.o)
 .text.libgcc   0x00000578        0x0 /usr/local/CrossPack-AVR-20100115/lib/gcc/avr/4.3.3/avr4/libgcc.a(_copy_data.o)
 .text.libgcc   0x00000578        0x0 /usr/local/CrossPack-AVR-20100115/lib/gcc/avr/4.3.3/avr4/libgcc.a(_clear_bss.o)
                0x00000578                . = ALIGN (0x2)
 *(.fini9)
 .fini9         0x00000578        0x0 /usr/local/CrossPack-AVR-20100115/lib/gcc/avr/4.3.3/avr4/libgcc.a(_exit.o)
                0x00000578                exit
                0x00000578                _exit
 *(.fini9)
 *(.fini8)
 *(.fini8)
 *(.fini7)
 *(.fini7)
 *(.fini6)
 *(.fini6)
 *(.fini5)
 *(.fini5)
 *(.fini4)
 *(.fini4)
 *(.fini3)
 *(.fini3)
 *(.fini2)
 *(.fini2)
 *(.fini1)
 *(.fini1)
 *(.fini0)
 .fini0         0x00000578        0x4 /usr/local/CrossPack-AVR-20100115/lib/gcc/avr/4.3.3/avr4/libgcc.a(_exit.o)
 *(.fini0)
                0x0000057c                _etext = .

.data           0x00800100       0x40 load address 0x0000057c
                0x00800100                PROVIDE (__data_start, .)
 *(.data)
 .data          0x00800100        0x0 /usr/local/CrossPack-AVR-20100115/lib/gcc/avr/4.3.3/../../../../avr/lib/avr4/crtm48.o
 .data          0x00800100        0x0 bin/obj/main.o
 .data          0x00800100       0x3f bin/obj/board/optima.o
                0x00800100                outputs
 .data          0x0080013f        0x0 bin/obj/core/usart.o
 .data          0x0080013f        0x0 /usr/local/CrossPack-AVR-20100115/lib/gcc/avr/4.3.3/avr4/libgcc.a(_prologue.o)
 .data          0x0080013f        0x0 /usr/local/CrossPack-AVR-20100115/lib/gcc/avr/4.3.3/avr4/libgcc.a(_exit.o)
 .data          0x0080013f        0x0 /usr/local/CrossPack-AVR-20100115/lib/gcc/avr/4.3.3/avr4/libgcc.a(_copy_data.o)
 .data          0x0080013f        0x0 /usr/local/CrossPack-AVR-20100115/lib/gcc/avr/4.3.3/avr4/libgcc.a(_clear_bss.o)
 *(.data*)
 *(.rodata)
 *(.rodata*)
 *(.gnu.linkonce.d*)
                0x00800140                . = ALIGN (0x2)
 *fill*         0x0080013f        0x1 00
                0x00800140                _edata = .
                0x00800140                PROVIDE (__data_end, .)

.bss            0x00800140      0x107
                0x00800140                PROVIDE (__bss_start, .)
 *(.bss)
 .bss           0x00800140        0x0 /usr/local/CrossPack-AVR-20100115/lib/gcc/avr/4.3.3/../../../../avr/lib/avr4/crtm48.o
 .bss           0x00800140        0x1 bin/obj/main.o
 .bss           0x00800141        0x0 bin/obj/board/optima.o
 .bss           0x00800141        0x0 bin/obj/core/usart.o
 .bss           0x00800141        0x0 /usr/local/CrossPack-AVR-20100115/lib/gcc/avr/4.3.3/avr4/libgcc.a(_prologue.o)
 .bss           0x00800141        0x0 /usr/local/CrossPack-AVR-20100115/lib/gcc/avr/4.3.3/avr4/libgcc.a(_exit.o)
 .bss           0x00800141        0x0 /usr/local/CrossPack-AVR-20100115/lib/gcc/avr/4.3.3/avr4/libgcc.a(_copy_data.o)
 .bss           0x00800141        0x0 /usr/local/CrossPack-AVR-20100115/lib/gcc/avr/4.3.3/avr4/libgcc.a(_clear_bss.o)
 *(.bss*)
 *(COMMON)
 COMMON         0x00800141      0x106 bin/obj/core/usart.o
                0x00800141                usart_rx_s
                0x00800245                usart_rx
                0x00800247                PROVIDE (__bss_end, .)
                0x0000057c                __data_load_start = LOADADDR (.data)
                0x000005bc                __data_load_end = (__data_load_start + SIZEOF (.data))

.noinit         0x00800247        0x0
                0x00800247                PROVIDE (__noinit_start, .)
 *(.noinit*)
                0x00800247                PROVIDE (__noinit_end, .)
                0x00800247                _end = .
                0x00800247                PROVIDE (__heap_start, .)

.eeprom         0x00810000        0x0
 *(.eeprom*)
                0x00810000                __eeprom_end = .

.fuse
 *(.fuse)
 *(.lfuse)
 *(.hfuse)
 *(.efuse)

.lock
 *(.lock*)

.signature
 *(.signature*)

.stab           0x00000000      0x6b4
 *(.stab)
 .stab          0x00000000      0x6b4 /usr/local/CrossPack-AVR-20100115/lib/gcc/avr/4.3.3/../../../../avr/lib/avr4/crtm48.o

.stabstr        0x00000000       0x82
 *(.stabstr)
 .stabstr       0x00000000       0x82 /usr/local/CrossPack-AVR-20100115/lib/gcc/avr/4.3.3/../../../../avr/lib/avr4/crtm48.o

.stab.excl
 *(.stab.excl)

.stab.exclstr
 *(.stab.exclstr)

.stab.index
 *(.stab.index)

.stab.indexstr
 *(.stab.indexstr)

.comment
 *(.comment)

.debug
 *(.debug)

.line
 *(.line)

.debug_srcinfo
 *(.debug_srcinfo)

.debug_sfnames
 *(.debug_sfnames)

.debug_aranges  0x00000000       0x40
 *(.debug_aranges)
 .debug_aranges
                0x00000000       0x20 bin/obj/main.o
 .debug_aranges
                0x00000020       0x20 bin/obj/core/usart.o

.debug_pubnames
                0x00000000       0xe5
 *(.debug_pubnames)
 .debug_pubnames
                0x00000000       0x39 bin/obj/main.o
 .debug_pubnames
                0x00000039       0x1e bin/obj/board/optima.o
 .debug_pubnames
                0x00000057       0x8e bin/obj/core/usart.o

.debug_info     0x00000000      0x613
 *(.debug_info)
 .debug_info    0x00000000      0x269 bin/obj/main.o
 .debug_info    0x00000269       0xe9 bin/obj/board/optima.o
 .debug_info    0x00000352      0x2c1 bin/obj/core/usart.o
 *(.gnu.linkonce.wi.*)

.debug_abbrev   0x00000000      0x37f
 *(.debug_abbrev)
 .debug_abbrev  0x00000000      0x167 bin/obj/main.o
 .debug_abbrev  0x00000167       0xa0 bin/obj/board/optima.o
 .debug_abbrev  0x00000207      0x178 bin/obj/core/usart.o

.debug_line     0x00000000      0x582
 *(.debug_line)
 .debug_line    0x00000000      0x2b5 bin/obj/main.o
 .debug_line    0x000002b5       0xc0 bin/obj/board/optima.o
 .debug_line    0x00000375      0x20d bin/obj/core/usart.o

.debug_frame    0x00000000       0xd0
 *(.debug_frame)
 .debug_frame   0x00000000       0x40 bin/obj/main.o
 .debug_frame   0x00000040       0x90 bin/obj/core/usart.o

.debug_str      0x00000000      0x1a3
 *(.debug_str)
 .debug_str     0x00000000      0x12a bin/obj/main.o
                                0x15e (size before relaxing)
 .debug_str     0x0000012a       0x13 bin/obj/board/optima.o
                                 0xdb (size before relaxing)
 .debug_str     0x0000013d       0x66 bin/obj/core/usart.o
                                0x13e (size before relaxing)

.debug_loc      0x00000000      0x18d
 *(.debug_loc)
 .debug_loc     0x00000000       0x3f bin/obj/main.o
 .debug_loc     0x0000003f      0x14e bin/obj/core/usart.o

.debug_macinfo
 *(.debug_macinfo)
OUTPUT(bin/project.elf elf32-avr)
LOAD linker stubs
